/home/agentsmith/cwilsch/RL/GNCAI/venv/lib/python3.12/site-packages/pygame/pkgdata.py:25: UserWarning: pkg_resources is deprecated as an API. See https://setuptools.pypa.io/en/latest/pkg_resources.html. The pkg_resources package is slated for removal as early as 2025-11-30. Refrain from using this package or pin to Setuptools<81.
  from pkg_resources import resource_stream, resource_exists

============================================================
  CONFIGURATION
============================================================
  World size:       100.0 x 100.0
  Physics dt:       0.1
  Max speed:        5.0
  Agent radius:     1.5
  Obstacle radius:  3.0
  Max steps/ep:     400
  Target threshold: 12.0
  Completion bonus: 500.0
  Observation dim:  20
  Action dim:       2
  Hidden dim:       128
  ---
  Learning rate:    0.0001
  Gamma:            0.99
  GAE lambda:       0.95
  Clip epsilon:     0.2
  PPO epochs:       3
  Eps per update:   10
  Batch size:       0
  Entropy coef:     0.01
  Value loss coef:  1.0
  ---
  Reward weights:
    Formation:      0.3
    Time penalty:   -0.0
    Approach:       1.4523282703659097
    Proximity:      -3.6942381295144475 (ramp over 9.455183601516811 units)
    Obstacle:       -0.0
    Smoothness:     0.0
============================================================

============================================================
  MAPPO TRAINING
============================================================
  Agents:    3
  Obstacles: 0
  Episodes:  3000
  Render:    off
  Verbose:   False
============================================================
  Device:    cuda (NVIDIA GB10)
  Tensorboard: tensorboard --logdir sweep_results/best_final/tb

  Training started...

   Episode |   Reward |  FormErr | Collis |   Dist |  Done% |  Steps |  PolLoss |  ValLoss |  Entropy
  ---------------------------------------------------------------------------------------------------------
  [SAVE] Checkpoint saved to sweep_results/best_final/ckpt/checkpoint_200.pt
  [SAVE] Checkpoint saved to sweep_results/best_final/ckpt/best.pt
  [SAVE] Checkpoint saved to sweep_results/best_final/ckpt/checkpoint_400.pt
  [SAVE] Checkpoint saved to sweep_results/best_final/ckpt/best.pt
  [SAVE] Checkpoint saved to sweep_results/best_final/ckpt/checkpoint_600.pt
  [SAVE] Checkpoint saved to sweep_results/best_final/ckpt/best.pt
  [SAVE] Checkpoint saved to sweep_results/best_final/ckpt/checkpoint_800.pt
  [SAVE] Checkpoint saved to sweep_results/best_final/ckpt/best.pt
  [SAVE] Checkpoint saved to sweep_results/best_final/ckpt/checkpoint_1000.pt
  [SAVE] Checkpoint saved to sweep_results/best_final/ckpt/checkpoint_1200.pt
  [SAVE] Checkpoint saved to sweep_results/best_final/ckpt/checkpoint_1400.pt
  [SAVE] Checkpoint saved to sweep_results/best_final/ckpt/checkpoint_1600.pt
  [SAVE] Checkpoint saved to sweep_results/best_final/ckpt/checkpoint_1800.pt
  [SAVE] Checkpoint saved to sweep_results/best_final/ckpt/checkpoint_2000.pt
  [SAVE] Checkpoint saved to sweep_results/best_final/ckpt/checkpoint_2200.pt
  [SAVE] Checkpoint saved to sweep_results/best_final/ckpt/checkpoint_2400.pt
  [SAVE] Checkpoint saved to sweep_results/best_final/ckpt/checkpoint_2600.pt
  [SAVE] Checkpoint saved to sweep_results/best_final/ckpt/checkpoint_2800.pt
  [SAVE] Checkpoint saved to sweep_results/best_final/ckpt/checkpoint_3000.pt
  [SAVE] Checkpoint saved to sweep_results/best_final/ckpt/final.pt

============================================================
  TRAINING COMPLETE
============================================================
  Episodes:    3000
  Time:        1376s (22.9 min)
  Final reward (avg last 50): -315.66
  Final form error (avg 50):  0.00
  Final collisions (avg 50):  125.7
  Completion rate (last 50):  28%
  Avg steps (last 50):        328
  Best avg reward:            -236.68
  Checkpoints in:             sweep_results/best_final/ckpt/
  View logs:  tensorboard --logdir sweep_results/best_final/tb
============================================================
